graph: { title: "/Users/jgrivera/my-projects/HiRTOS/sample_apps/uart_boot_loader/src/uart_boot_loader-xmodem_protocol.adb"
node: { title: "/Users/jgrivera/my-projects/HiRTOS/sample_apps/uart_boot_loader/src/uart_boot_loader-xmodem_protocol.adb:uart_boot_loader__xmodem_protocol__receive_file__handle_eot.0" label: "Handle_Eot\n/Users/jgrivera/my-projects/HiRTOS/sample_apps/uart_boot_loader/src/uart_boot_loader-xmodem_protocol.adb:41:7\n16 bytes (static)\n0 dynamic objects" }
node: { title: "uart_driver__put_char" label: "Put_Char\n/Users/jgrivera/my-projects/HiRTOS/sample_apps/uart_boot_loader/src/uart_driver.ads:20:14" shape : ellipse }
edge: { sourcename: "/Users/jgrivera/my-projects/HiRTOS/sample_apps/uart_boot_loader/src/uart_boot_loader-xmodem_protocol.adb:uart_boot_loader__xmodem_protocol__receive_file__handle_eot.0" targetname: "uart_driver__put_char" label: "/Users/jgrivera/my-projects/HiRTOS/sample_apps/uart_boot_loader/src/uart_boot_loader-xmodem_protocol.adb:44:24" }
node: { title: "uart_driver__get_char" label: "Get_Char\n/Users/jgrivera/my-projects/HiRTOS/sample_apps/uart_boot_loader/src/uart_driver.ads:24:13" shape : ellipse }
edge: { sourcename: "/Users/jgrivera/my-projects/HiRTOS/sample_apps/uart_boot_loader/src/uart_boot_loader-xmodem_protocol.adb:uart_boot_loader__xmodem_protocol__receive_file__handle_eot.0" targetname: "uart_driver__get_char" label: "/Users/jgrivera/my-projects/HiRTOS/sample_apps/uart_boot_loader/src/uart_boot_loader-xmodem_protocol.adb:45:34" }
edge: { sourcename: "/Users/jgrivera/my-projects/HiRTOS/sample_apps/uart_boot_loader/src/uart_boot_loader-xmodem_protocol.adb:uart_boot_loader__xmodem_protocol__receive_file__handle_eot.0" targetname: "uart_driver__put_char" label: "/Users/jgrivera/my-projects/HiRTOS/sample_apps/uart_boot_loader/src/uart_boot_loader-xmodem_protocol.adb:48:21" }
node: { title: "/Users/jgrivera/my-projects/HiRTOS/sample_apps/uart_boot_loader/src/uart_boot_loader-xmodem_protocol.adb:uart_boot_loader__xmodem_protocol__receive_file__receive_packet_data.1" label: "Receive_Packet_Data\n/Users/jgrivera/my-projects/HiRTOS/sample_apps/uart_boot_loader/src/uart_boot_loader-xmodem_protocol.adb:18:7\n64 bytes (static)\n0 dynamic objects" }
node: { title: "uart_boot_loader__receive_byte_with_timeout" label: "Receive_Byte_With_Timeout\n/Users/jgrivera/my-projects/HiRTOS/sample_apps/uart_boot_loader/src/uart_boot_loader.ads:24:13" shape : ellipse }
edge: { sourcename: "/Users/jgrivera/my-projects/HiRTOS/sample_apps/uart_boot_loader/src/uart_boot_loader-xmodem_protocol.adb:uart_boot_loader__xmodem_protocol__receive_file__receive_packet_data.1" targetname: "uart_boot_loader__receive_byte_with_timeout" label: "/Users/jgrivera/my-projects/HiRTOS/sample_apps/uart_boot_loader/src/uart_boot_loader-xmodem_protocol.adb:28:36" }
node: { title: "__gnat_last_chance_handler" label: "gnat_last_chance_handler\n<built-in>" shape : ellipse }
edge: { sourcename: "/Users/jgrivera/my-projects/HiRTOS/sample_apps/uart_boot_loader/src/uart_boot_loader-xmodem_protocol.adb:uart_boot_loader__xmodem_protocol__receive_file__receive_packet_data.1" targetname: "__gnat_last_chance_handler" label: "/Users/jgrivera/my-projects/HiRTOS/sample_apps/uart_boot_loader/src/uart_boot_loader-xmodem_protocol.adb:29:35" }
node: { title: "uart_boot_loader__xmodem_protocol__maybe_checksum_typeIP" label: "maybe_checksum_typeIP\n<built-in>\n0 bytes (static)\n0 dynamic objects" }
node: { title: "uart_boot_loader__xmodem_protocol__receive_file" label: "Receive_File\n/Users/jgrivera/my-projects/HiRTOS/sample_apps/uart_boot_loader/src/uart_boot_loader-xmodem_protocol.adb:15:4\n64 bytes (static)\n0 dynamic objects" }
node: { title: "uart_driver__receive_byte" label: "Receive_Byte\n/Users/jgrivera/my-projects/HiRTOS/sample_apps/uart_boot_loader/src/uart_driver.ads:26:13" shape : ellipse }
edge: { sourcename: "uart_boot_loader__xmodem_protocol__receive_file" targetname: "uart_driver__receive_byte" label: "/Users/jgrivera/my-projects/HiRTOS/sample_apps/uart_boot_loader/src/uart_boot_loader-xmodem_protocol.adb:62:38" }
edge: { sourcename: "uart_boot_loader__xmodem_protocol__receive_file" targetname: "/Users/jgrivera/my-projects/HiRTOS/sample_apps/uart_boot_loader/src/uart_boot_loader-xmodem_protocol.adb:uart_boot_loader__xmodem_protocol__receive_file__handle_eot.0" label: "/Users/jgrivera/my-projects/HiRTOS/sample_apps/uart_boot_loader/src/uart_boot_loader-xmodem_protocol.adb:64:13" }
edge: { sourcename: "uart_boot_loader__xmodem_protocol__receive_file" targetname: "uart_driver__receive_byte" label: "/Users/jgrivera/my-projects/HiRTOS/sample_apps/uart_boot_loader/src/uart_boot_loader-xmodem_protocol.adb:71:38" }
edge: { sourcename: "uart_boot_loader__xmodem_protocol__receive_file" targetname: "/Users/jgrivera/my-projects/HiRTOS/sample_apps/uart_boot_loader/src/uart_boot_loader-xmodem_protocol.adb:uart_boot_loader__xmodem_protocol__receive_file__handle_eot.0" label: "/Users/jgrivera/my-projects/HiRTOS/sample_apps/uart_boot_loader/src/uart_boot_loader-xmodem_protocol.adb:78:16" }
node: { title: "uart_boot_loader__print_string" label: "Print_String\n/Users/jgrivera/my-projects/HiRTOS/sample_apps/uart_boot_loader/src/uart_boot_loader.ads:19:14" shape : ellipse }
edge: { sourcename: "uart_boot_loader__xmodem_protocol__receive_file" targetname: "uart_boot_loader__print_string" label: "/Users/jgrivera/my-projects/HiRTOS/sample_apps/uart_boot_loader/src/uart_boot_loader-xmodem_protocol.adb:82:16" }
node: { title: "uart_boot_loader__print_number_decimal" label: "Print_Number_Decimal\n/Users/jgrivera/my-projects/HiRTOS/sample_apps/uart_boot_loader/src/uart_boot_loader.ads:21:14" shape : ellipse }
edge: { sourcename: "uart_boot_loader__xmodem_protocol__receive_file" targetname: "uart_boot_loader__print_number_decimal" label: "/Users/jgrivera/my-projects/HiRTOS/sample_apps/uart_boot_loader/src/uart_boot_loader-xmodem_protocol.adb:83:16" }
edge: { sourcename: "uart_boot_loader__xmodem_protocol__receive_file" targetname: "uart_driver__put_char" label: "/Users/jgrivera/my-projects/HiRTOS/sample_apps/uart_boot_loader/src/uart_boot_loader-xmodem_protocol.adb:85:27" }
edge: { sourcename: "uart_boot_loader__xmodem_protocol__receive_file" targetname: "uart_driver__receive_byte" label: "/Users/jgrivera/my-projects/HiRTOS/sample_apps/uart_boot_loader/src/uart_boot_loader-xmodem_protocol.adb:89:44" }
edge: { sourcename: "uart_boot_loader__xmodem_protocol__receive_file" targetname: "uart_driver__receive_byte" label: "/Users/jgrivera/my-projects/HiRTOS/sample_apps/uart_boot_loader/src/uart_boot_loader-xmodem_protocol.adb:90:55" }
edge: { sourcename: "uart_boot_loader__xmodem_protocol__receive_file" targetname: "uart_boot_loader__print_string" label: "/Users/jgrivera/my-projects/HiRTOS/sample_apps/uart_boot_loader/src/uart_boot_loader-xmodem_protocol.adb:95:13" }
edge: { sourcename: "uart_boot_loader__xmodem_protocol__receive_file" targetname: "uart_boot_loader__print_string" label: "/Users/jgrivera/my-projects/HiRTOS/sample_apps/uart_boot_loader/src/uart_boot_loader-xmodem_protocol.adb:96:13" }
edge: { sourcename: "uart_boot_loader__xmodem_protocol__receive_file" targetname: "uart_boot_loader__print_number_decimal" label: "/Users/jgrivera/my-projects/HiRTOS/sample_apps/uart_boot_loader/src/uart_boot_loader-xmodem_protocol.adb:97:13" }
edge: { sourcename: "uart_boot_loader__xmodem_protocol__receive_file" targetname: "uart_boot_loader__print_string" label: "/Users/jgrivera/my-projects/HiRTOS/sample_apps/uart_boot_loader/src/uart_boot_loader-xmodem_protocol.adb:98:13" }
edge: { sourcename: "uart_boot_loader__xmodem_protocol__receive_file" targetname: "uart_boot_loader__print_number_decimal" label: "/Users/jgrivera/my-projects/HiRTOS/sample_apps/uart_boot_loader/src/uart_boot_loader-xmodem_protocol.adb:99:13" }
edge: { sourcename: "uart_boot_loader__xmodem_protocol__receive_file" targetname: "uart_driver__put_char" label: "/Users/jgrivera/my-projects/HiRTOS/sample_apps/uart_boot_loader/src/uart_boot_loader-xmodem_protocol.adb:101:24" }
edge: { sourcename: "uart_boot_loader__xmodem_protocol__receive_file" targetname: "/Users/jgrivera/my-projects/HiRTOS/sample_apps/uart_boot_loader/src/uart_boot_loader-xmodem_protocol.adb:uart_boot_loader__xmodem_protocol__receive_file__receive_packet_data.1" label: "/Users/jgrivera/my-projects/HiRTOS/sample_apps/uart_boot_loader/src/uart_boot_loader-xmodem_protocol.adb:105:37" }
edge: { sourcename: "uart_boot_loader__xmodem_protocol__receive_file" targetname: "__gnat_last_chance_handler" label: "/Users/jgrivera/my-projects/HiRTOS/sample_apps/uart_boot_loader/src/uart_boot_loader-xmodem_protocol.adb:106:40" }
edge: { sourcename: "uart_boot_loader__xmodem_protocol__receive_file" targetname: "uart_boot_loader__print_string" label: "/Users/jgrivera/my-projects/HiRTOS/sample_apps/uart_boot_loader/src/uart_boot_loader-xmodem_protocol.adb:108:13" }
edge: { sourcename: "uart_boot_loader__xmodem_protocol__receive_file" targetname: "uart_driver__put_char" label: "/Users/jgrivera/my-projects/HiRTOS/sample_apps/uart_boot_loader/src/uart_boot_loader-xmodem_protocol.adb:109:24" }
edge: { sourcename: "uart_boot_loader__xmodem_protocol__receive_file" targetname: "uart_driver__receive_byte" label: "/Users/jgrivera/my-projects/HiRTOS/sample_apps/uart_boot_loader/src/uart_boot_loader-xmodem_protocol.adb:114:42" }
edge: { sourcename: "uart_boot_loader__xmodem_protocol__receive_file" targetname: "uart_boot_loader__print_string" label: "/Users/jgrivera/my-projects/HiRTOS/sample_apps/uart_boot_loader/src/uart_boot_loader-xmodem_protocol.adb:121:16" }
node: { title: "uart_driver__send_byte" label: "Send_Byte\n/Users/jgrivera/my-projects/HiRTOS/sample_apps/uart_boot_loader/src/uart_driver.ads:22:14" shape : ellipse }
edge: { sourcename: "uart_boot_loader__xmodem_protocol__receive_file" targetname: "uart_driver__send_byte" label: "/Users/jgrivera/my-projects/HiRTOS/sample_apps/uart_boot_loader/src/uart_boot_loader-xmodem_protocol.adb:124:33" }
edge: { sourcename: "uart_boot_loader__xmodem_protocol__receive_file" targetname: "uart_driver__put_char" label: "/Users/jgrivera/my-projects/HiRTOS/sample_apps/uart_boot_loader/src/uart_boot_loader-xmodem_protocol.adb:126:33" }
edge: { sourcename: "uart_boot_loader__xmodem_protocol__receive_file" targetname: "uart_driver__put_char" label: "/Users/jgrivera/my-projects/HiRTOS/sample_apps/uart_boot_loader/src/uart_boot_loader-xmodem_protocol.adb:131:24" }
edge: { sourcename: "uart_boot_loader__xmodem_protocol__receive_file" targetname: "uart_driver__put_char" label: "/Users/jgrivera/my-projects/HiRTOS/sample_apps/uart_boot_loader/src/uart_boot_loader-xmodem_protocol.adb:138:21" }
}
