graph: { title: "/Users/jgrivera/my-projects/HiRTOS/sample_apps/uart_boot_loader/src/uart_driver.adb"
node: { title: "/Users/jgrivera/my-projects/HiRTOS/sample_apps/uart_boot_loader/src/uart_driver.adb:uart_driver__initialize_uart__calculate_divisors.0" label: "Calculate_Divisors\n/Users/jgrivera/my-projects/HiRTOS/sample_apps/uart_boot_loader/src/uart_driver.adb:19:7\n16 bytes (static)\n0 dynamic objects" }
node: { title: "__gnat_last_chance_handler" label: "gnat_last_chance_handler\n<built-in>" shape : ellipse }
edge: { sourcename: "/Users/jgrivera/my-projects/HiRTOS/sample_apps/uart_boot_loader/src/uart_driver.adb:uart_driver__initialize_uart__calculate_divisors.0" targetname: "__gnat_last_chance_handler" label: "/Users/jgrivera/my-projects/HiRTOS/sample_apps/uart_boot_loader/src/uart_driver.adb:25:41" }
node: { title: "uart_driver__uartdr_registerIP" label: "uartdr_registerIP\n<built-in>\n0 bytes (static)\n0 dynamic objects" }
node: { title: "uart_driver__uartrsr_registerIP" label: "uartrsr_registerIP\n<built-in>\n0 bytes (static)\n0 dynamic objects" }
node: { title: "uart_driver__uartfr_registerIP" label: "uartfr_registerIP\n<built-in>\n0 bytes (static)\n0 dynamic objects" }
node: { title: "uart_driver__uartilpr_registerIP" label: "uartilpr_registerIP\n<built-in>\n0 bytes (static)\n0 dynamic objects" }
node: { title: "uart_driver__uartibrd_registerIP" label: "uartibrd_registerIP\n<built-in>\n0 bytes (static)\n0 dynamic objects" }
node: { title: "uart_driver__uartfbrd_registerIP" label: "uartfbrd_registerIP\n<built-in>\n0 bytes (static)\n0 dynamic objects" }
node: { title: "uart_driver__uartlcr_h_registerIP" label: "uartlcr_h_registerIP\n<built-in>\n0 bytes (static)\n0 dynamic objects" }
node: { title: "uart_driver__uartcr_registerIP" label: "uartcr_registerIP\n<built-in>\n0 bytes (static)\n0 dynamic objects" }
node: { title: "uart_driver__uartifls_registerIP" label: "uartifls_registerIP\n<built-in>\n0 bytes (static)\n0 dynamic objects" }
node: { title: "uart_driver__uartimsc_registerIP" label: "uartimsc_registerIP\n<built-in>\n0 bytes (static)\n0 dynamic objects" }
node: { title: "uart_driver__uartris_registerIP" label: "uartris_registerIP\n<built-in>\n0 bytes (static)\n0 dynamic objects" }
node: { title: "uart_driver__uartmis_registerIP" label: "uartmis_registerIP\n<built-in>\n0 bytes (static)\n0 dynamic objects" }
node: { title: "uart_driver__uarticr_registerIP" label: "uarticr_registerIP\n<built-in>\n0 bytes (static)\n0 dynamic objects" }
node: { title: "uart_driver__uartdmacr_registerIP" label: "uartdmacr_registerIP\n<built-in>\n0 bytes (static)\n0 dynamic objects" }
node: { title: "uart_driver__uart_peripheralIP" label: "uart_peripheralIP\n<built-in>\n32 bytes (static)\n0 dynamic objects" }
edge: { sourcename: "uart_driver__uart_peripheralIP" targetname: "uart_driver__uartdr_registerIP" label: "/Users/jgrivera/my-projects/HiRTOS/sample_apps/uart_boot_loader/src/uart_driver.ads:444:7" }
edge: { sourcename: "uart_driver__uart_peripheralIP" targetname: "uart_driver__uartrsr_registerIP" label: "/Users/jgrivera/my-projects/HiRTOS/sample_apps/uart_boot_loader/src/uart_driver.ads:445:7" }
edge: { sourcename: "uart_driver__uart_peripheralIP" targetname: "uart_driver__uartfr_registerIP" label: "/Users/jgrivera/my-projects/HiRTOS/sample_apps/uart_boot_loader/src/uart_driver.ads:446:7" }
edge: { sourcename: "uart_driver__uart_peripheralIP" targetname: "uart_driver__uartilpr_registerIP" label: "/Users/jgrivera/my-projects/HiRTOS/sample_apps/uart_boot_loader/src/uart_driver.ads:447:7" }
edge: { sourcename: "uart_driver__uart_peripheralIP" targetname: "uart_driver__uartibrd_registerIP" label: "/Users/jgrivera/my-projects/HiRTOS/sample_apps/uart_boot_loader/src/uart_driver.ads:448:7" }
edge: { sourcename: "uart_driver__uart_peripheralIP" targetname: "uart_driver__uartfbrd_registerIP" label: "/Users/jgrivera/my-projects/HiRTOS/sample_apps/uart_boot_loader/src/uart_driver.ads:449:7" }
edge: { sourcename: "uart_driver__uart_peripheralIP" targetname: "uart_driver__uartlcr_h_registerIP" label: "/Users/jgrivera/my-projects/HiRTOS/sample_apps/uart_boot_loader/src/uart_driver.ads:450:7" }
edge: { sourcename: "uart_driver__uart_peripheralIP" targetname: "uart_driver__uartcr_registerIP" label: "/Users/jgrivera/my-projects/HiRTOS/sample_apps/uart_boot_loader/src/uart_driver.ads:451:7" }
edge: { sourcename: "uart_driver__uart_peripheralIP" targetname: "uart_driver__uartifls_registerIP" label: "/Users/jgrivera/my-projects/HiRTOS/sample_apps/uart_boot_loader/src/uart_driver.ads:452:7" }
edge: { sourcename: "uart_driver__uart_peripheralIP" targetname: "uart_driver__uartimsc_registerIP" label: "/Users/jgrivera/my-projects/HiRTOS/sample_apps/uart_boot_loader/src/uart_driver.ads:453:7" }
edge: { sourcename: "uart_driver__uart_peripheralIP" targetname: "uart_driver__uartris_registerIP" label: "/Users/jgrivera/my-projects/HiRTOS/sample_apps/uart_boot_loader/src/uart_driver.ads:454:7" }
edge: { sourcename: "uart_driver__uart_peripheralIP" targetname: "uart_driver__uartmis_registerIP" label: "/Users/jgrivera/my-projects/HiRTOS/sample_apps/uart_boot_loader/src/uart_driver.ads:455:7" }
edge: { sourcename: "uart_driver__uart_peripheralIP" targetname: "uart_driver__uarticr_registerIP" label: "/Users/jgrivera/my-projects/HiRTOS/sample_apps/uart_boot_loader/src/uart_driver.ads:456:7" }
edge: { sourcename: "uart_driver__uart_peripheralIP" targetname: "uart_driver__uartdmacr_registerIP" label: "/Users/jgrivera/my-projects/HiRTOS/sample_apps/uart_boot_loader/src/uart_driver.ads:457:7" }
node: { title: "uart_driver__maybe_byte_typeIP" label: "maybe_byte_typeIP\n<built-in>\n0 bytes (static)\n0 dynamic objects" }
node: { title: "uart_driver__initialize_uart" label: "Initialize_Uart\n/Users/jgrivera/my-projects/HiRTOS/sample_apps/uart_boot_loader/src/uart_driver.adb:16:4\n176 bytes (static)\n0 dynamic objects" }
edge: { sourcename: "uart_driver__initialize_uart" targetname: "uart_driver__uartibrd_registerIP" label: "/Users/jgrivera/my-projects/HiRTOS/sample_apps/uart_boot_loader/src/uart_driver.adb:31:7" }
edge: { sourcename: "uart_driver__initialize_uart" targetname: "uart_driver__uartfbrd_registerIP" label: "/Users/jgrivera/my-projects/HiRTOS/sample_apps/uart_boot_loader/src/uart_driver.adb:32:7" }
edge: { sourcename: "uart_driver__initialize_uart" targetname: "uart_driver__uartlcr_h_registerIP" label: "/Users/jgrivera/my-projects/HiRTOS/sample_apps/uart_boot_loader/src/uart_driver.adb:33:7" }
edge: { sourcename: "uart_driver__initialize_uart" targetname: "uart_driver__uartcr_registerIP" label: "/Users/jgrivera/my-projects/HiRTOS/sample_apps/uart_boot_loader/src/uart_driver.adb:34:7" }
edge: { sourcename: "uart_driver__initialize_uart" targetname: "uart_driver__uartimsc_registerIP" label: "/Users/jgrivera/my-projects/HiRTOS/sample_apps/uart_boot_loader/src/uart_driver.adb:35:7" }
edge: { sourcename: "uart_driver__initialize_uart" targetname: "uart_driver__uarticr_registerIP" label: "/Users/jgrivera/my-projects/HiRTOS/sample_apps/uart_boot_loader/src/uart_driver.adb:36:7" }
edge: { sourcename: "uart_driver__initialize_uart" targetname: "uart_driver__uartifls_registerIP" label: "/Users/jgrivera/my-projects/HiRTOS/sample_apps/uart_boot_loader/src/uart_driver.adb:37:7" }
edge: { sourcename: "uart_driver__initialize_uart" targetname: "/Users/jgrivera/my-projects/HiRTOS/sample_apps/uart_boot_loader/src/uart_driver.adb:uart_driver__initialize_uart__calculate_divisors.0" label: "/Users/jgrivera/my-projects/HiRTOS/sample_apps/uart_boot_loader/src/uart_driver.adb:40:7" }
node: { title: "uart_driver__send_byte" label: "Send_Byte\n/Users/jgrivera/my-projects/HiRTOS/sample_apps/uart_boot_loader/src/uart_driver.adb:80:4\n48 bytes (static)\n0 dynamic objects" }
edge: { sourcename: "uart_driver__send_byte" targetname: "uart_driver__uartfr_registerIP" label: "/Users/jgrivera/my-projects/HiRTOS/sample_apps/uart_boot_loader/src/uart_driver.adb:81:7" }
edge: { sourcename: "uart_driver__send_byte" targetname: "uart_driver__uartdr_registerIP" label: "/Users/jgrivera/my-projects/HiRTOS/sample_apps/uart_boot_loader/src/uart_driver.adb:82:7" }
node: { title: "uart_driver__put_char" label: "Put_Char\n/Users/jgrivera/my-projects/HiRTOS/sample_apps/uart_boot_loader/src/uart_driver.adb:75:4\n16 bytes (static)\n0 dynamic objects" }
edge: { sourcename: "uart_driver__put_char" targetname: "uart_driver__send_byte" label: "/Users/jgrivera/my-projects/HiRTOS/sample_apps/uart_boot_loader/src/uart_driver.adb:77:7" }
node: { title: "uart_driver__receive_byte" label: "Receive_Byte\n/Users/jgrivera/my-projects/HiRTOS/sample_apps/uart_boot_loader/src/uart_driver.adb:96:4\n32 bytes (static)\n0 dynamic objects" }
edge: { sourcename: "uart_driver__receive_byte" targetname: "uart_driver__uartfr_registerIP" label: "/Users/jgrivera/my-projects/HiRTOS/sample_apps/uart_boot_loader/src/uart_driver.adb:97:7" }
edge: { sourcename: "uart_driver__receive_byte" targetname: "uart_driver__uartdr_registerIP" label: "/Users/jgrivera/my-projects/HiRTOS/sample_apps/uart_boot_loader/src/uart_driver.adb:98:7" }
node: { title: "uart_driver__get_char" label: "Get_Char\n/Users/jgrivera/my-projects/HiRTOS/sample_apps/uart_boot_loader/src/uart_driver.adb:93:4\n16 bytes (static)\n0 dynamic objects" }
edge: { sourcename: "uart_driver__get_char" targetname: "uart_driver__receive_byte" label: "/Users/jgrivera/my-projects/HiRTOS/sample_apps/uart_boot_loader/src/uart_driver.adb:94:23" }
node: { title: "uart_driver__receive_byte_if_any" label: "Receive_Byte_If_Any\n/Users/jgrivera/my-projects/HiRTOS/sample_apps/uart_boot_loader/src/uart_driver.adb:110:4\n48 bytes (static)\n0 dynamic objects" }
edge: { sourcename: "uart_driver__receive_byte_if_any" targetname: "uart_driver__uartfr_registerIP" label: "/Users/jgrivera/my-projects/HiRTOS/sample_apps/uart_boot_loader/src/uart_driver.adb:112:7" }
edge: { sourcename: "uart_driver__receive_byte_if_any" targetname: "uart_driver__uartdr_registerIP" label: "/Users/jgrivera/my-projects/HiRTOS/sample_apps/uart_boot_loader/src/uart_driver.adb:113:7" }
}
