graph: { title: "/Users/jgrivera/my-projects/HiRTOS/sample_apps/uart_boot_loader/src/uart_boot_loader.adb"
node: { title: "/Users/jgrivera/my-projects/HiRTOS/sample_apps/uart_boot_loader/src/uart_boot_loader.adb:uart_boot_loader__print_number_decimal__unsigned_to_decimal_string.0" label: "Unsigned_To_Decimal_String\n/Users/jgrivera/my-projects/HiRTOS/sample_apps/uart_boot_loader/src/uart_boot_loader.adb:53:7\n80 bytes (static)\n0 dynamic objects" }
node: { title: "__gnat_last_chance_handler" label: "gnat_last_chance_handler\n<built-in>" shape : ellipse }
edge: { sourcename: "/Users/jgrivera/my-projects/HiRTOS/sample_apps/uart_boot_loader/src/uart_boot_loader.adb:uart_boot_loader__print_number_decimal__unsigned_to_decimal_string.0" targetname: "__gnat_last_chance_handler" label: "/Users/jgrivera/my-projects/HiRTOS/sample_apps/uart_boot_loader/src/uart_boot_loader.adb:73:46" }
edge: { sourcename: "/Users/jgrivera/my-projects/HiRTOS/sample_apps/uart_boot_loader/src/uart_boot_loader.adb:uart_boot_loader__print_number_decimal__unsigned_to_decimal_string.0" targetname: "__gnat_last_chance_handler" label: "/Users/jgrivera/my-projects/HiRTOS/sample_apps/uart_boot_loader/src/uart_boot_loader.adb:75:16" }
edge: { sourcename: "/Users/jgrivera/my-projects/HiRTOS/sample_apps/uart_boot_loader/src/uart_boot_loader.adb:uart_boot_loader__print_number_decimal__unsigned_to_decimal_string.0" targetname: "__gnat_last_chance_handler" label: "/Users/jgrivera/my-projects/HiRTOS/sample_apps/uart_boot_loader/src/uart_boot_loader.adb:76:54" }
edge: { sourcename: "/Users/jgrivera/my-projects/HiRTOS/sample_apps/uart_boot_loader/src/uart_boot_loader.adb:uart_boot_loader__print_number_decimal__unsigned_to_decimal_string.0" targetname: "__gnat_last_chance_handler" label: "/Users/jgrivera/my-projects/HiRTOS/sample_apps/uart_boot_loader/src/uart_boot_loader.adb:76:52" }
edge: { sourcename: "/Users/jgrivera/my-projects/HiRTOS/sample_apps/uart_boot_loader/src/uart_boot_loader.adb:uart_boot_loader__print_number_decimal__unsigned_to_decimal_string.0" targetname: "__gnat_last_chance_handler" label: "/Users/jgrivera/my-projects/HiRTOS/sample_apps/uart_boot_loader/src/uart_boot_loader.adb:76:37" }
node: { title: "memset" label: "builtin_memset\n<built-in>" shape : ellipse }
edge: { sourcename: "/Users/jgrivera/my-projects/HiRTOS/sample_apps/uart_boot_loader/src/uart_boot_loader.adb:uart_boot_loader__print_number_decimal__unsigned_to_decimal_string.0" targetname: "memset" label: "/Users/jgrivera/my-projects/HiRTOS/sample_apps/uart_boot_loader/src/uart_boot_loader.adb:76:69" }
edge: { sourcename: "/Users/jgrivera/my-projects/HiRTOS/sample_apps/uart_boot_loader/src/uart_boot_loader.adb:uart_boot_loader__print_number_decimal__unsigned_to_decimal_string.0" targetname: "__gnat_last_chance_handler" label: "/Users/jgrivera/my-projects/HiRTOS/sample_apps/uart_boot_loader/src/uart_boot_loader.adb:78:36" }
edge: { sourcename: "/Users/jgrivera/my-projects/HiRTOS/sample_apps/uart_boot_loader/src/uart_boot_loader.adb:uart_boot_loader__print_number_decimal__unsigned_to_decimal_string.0" targetname: "__gnat_last_chance_handler" label: "/Users/jgrivera/my-projects/HiRTOS/sample_apps/uart_boot_loader/src/uart_boot_loader.adb:78:52" }
edge: { sourcename: "/Users/jgrivera/my-projects/HiRTOS/sample_apps/uart_boot_loader/src/uart_boot_loader.adb:uart_boot_loader__print_number_decimal__unsigned_to_decimal_string.0" targetname: "__gnat_last_chance_handler" label: "/Users/jgrivera/my-projects/HiRTOS/sample_apps/uart_boot_loader/src/uart_boot_loader.adb:78:56" }
edge: { sourcename: "/Users/jgrivera/my-projects/HiRTOS/sample_apps/uart_boot_loader/src/uart_boot_loader.adb:uart_boot_loader__print_number_decimal__unsigned_to_decimal_string.0" targetname: "__gnat_last_chance_handler" label: "/Users/jgrivera/my-projects/HiRTOS/sample_apps/uart_boot_loader/src/uart_boot_loader.adb:79:43" }
edge: { sourcename: "/Users/jgrivera/my-projects/HiRTOS/sample_apps/uart_boot_loader/src/uart_boot_loader.adb:uart_boot_loader__print_number_decimal__unsigned_to_decimal_string.0" targetname: "__gnat_last_chance_handler" label: "/Users/jgrivera/my-projects/HiRTOS/sample_apps/uart_boot_loader/src/uart_boot_loader.adb:79:19" }
node: { title: "memcpy" label: "builtin_memcpy\n<built-in>" shape : ellipse }
edge: { sourcename: "/Users/jgrivera/my-projects/HiRTOS/sample_apps/uart_boot_loader/src/uart_boot_loader.adb:uart_boot_loader__print_number_decimal__unsigned_to_decimal_string.0" targetname: "memcpy" }
edge: { sourcename: "/Users/jgrivera/my-projects/HiRTOS/sample_apps/uart_boot_loader/src/uart_boot_loader.adb:uart_boot_loader__print_number_decimal__unsigned_to_decimal_string.0" targetname: "__gnat_last_chance_handler" label: "/Users/jgrivera/my-projects/HiRTOS/sample_apps/uart_boot_loader/src/uart_boot_loader.adb:80:39" }
edge: { sourcename: "/Users/jgrivera/my-projects/HiRTOS/sample_apps/uart_boot_loader/src/uart_boot_loader.adb:uart_boot_loader__print_number_decimal__unsigned_to_decimal_string.0" targetname: "__gnat_last_chance_handler" label: "/Users/jgrivera/my-projects/HiRTOS/sample_apps/uart_boot_loader/src/uart_boot_loader.adb:82:55" }
edge: { sourcename: "/Users/jgrivera/my-projects/HiRTOS/sample_apps/uart_boot_loader/src/uart_boot_loader.adb:uart_boot_loader__print_number_decimal__unsigned_to_decimal_string.0" targetname: "__gnat_last_chance_handler" label: "/Users/jgrivera/my-projects/HiRTOS/sample_apps/uart_boot_loader/src/uart_boot_loader.adb:82:53" }
edge: { sourcename: "/Users/jgrivera/my-projects/HiRTOS/sample_apps/uart_boot_loader/src/uart_boot_loader.adb:uart_boot_loader__print_number_decimal__unsigned_to_decimal_string.0" targetname: "__gnat_last_chance_handler" label: "/Users/jgrivera/my-projects/HiRTOS/sample_apps/uart_boot_loader/src/uart_boot_loader.adb:82:69" }
edge: { sourcename: "/Users/jgrivera/my-projects/HiRTOS/sample_apps/uart_boot_loader/src/uart_boot_loader.adb:uart_boot_loader__print_number_decimal__unsigned_to_decimal_string.0" targetname: "__gnat_last_chance_handler" label: "/Users/jgrivera/my-projects/HiRTOS/sample_apps/uart_boot_loader/src/uart_boot_loader.adb:82:37" }
edge: { sourcename: "/Users/jgrivera/my-projects/HiRTOS/sample_apps/uart_boot_loader/src/uart_boot_loader.adb:uart_boot_loader__print_number_decimal__unsigned_to_decimal_string.0" targetname: "__gnat_last_chance_handler" label: "/Users/jgrivera/my-projects/HiRTOS/sample_apps/uart_boot_loader/src/uart_boot_loader.adb:83:43" }
edge: { sourcename: "/Users/jgrivera/my-projects/HiRTOS/sample_apps/uart_boot_loader/src/uart_boot_loader.adb:uart_boot_loader__print_number_decimal__unsigned_to_decimal_string.0" targetname: "__gnat_last_chance_handler" label: "/Users/jgrivera/my-projects/HiRTOS/sample_apps/uart_boot_loader/src/uart_boot_loader.adb:83:19" }
edge: { sourcename: "/Users/jgrivera/my-projects/HiRTOS/sample_apps/uart_boot_loader/src/uart_boot_loader.adb:uart_boot_loader__print_number_decimal__unsigned_to_decimal_string.0" targetname: "memcpy" }
node: { title: "ada__exceptions__call_last_chance_handler_with_message" label: "Call_Last_Chance_Handler_With_Message\n/Users/jgrivera/my-projects/HiRTOS/third_party/portable_minimal_ada_rts/src/a-except.adb:40:14" shape : ellipse }
edge: { sourcename: "/Users/jgrivera/my-projects/HiRTOS/sample_apps/uart_boot_loader/src/uart_boot_loader.adb:uart_boot_loader__print_number_decimal__unsigned_to_decimal_string.0" targetname: "ada__exceptions__call_last_chance_handler_with_message" label: "/Users/jgrivera/my-projects/HiRTOS/sample_apps/uart_boot_loader/src/uart_boot_loader.adb:86:13" }
node: { title: "uart_boot_loader__get_timer_timestamp_usec" label: "Get_Timer_Timestamp_Usec\n/Users/jgrivera/my-projects/HiRTOS/sample_apps/uart_boot_loader/src/uart_boot_loader.ads:39:4\n16 bytes (static)\n0 dynamic objects" }
edge: { sourcename: "uart_boot_loader__get_timer_timestamp_usec" targetname: "__gnat_last_chance_handler" label: "/Users/jgrivera/my-projects/HiRTOS/sample_apps/uart_boot_loader/src/uart_boot_loader.ads:40:20" }
node: { title: "uart_boot_loader__jump_to_image_reset_handler" label: "Jump_To_Image_Reset_Handler\n/Users/jgrivera/my-projects/HiRTOS/sample_apps/uart_boot_loader/src/uart_boot_loader.adb:26:4\n0 bytes (static)\n0 dynamic objects" }
node: { title: "uart_boot_loader__print_string" label: "Print_String\n/Users/jgrivera/my-projects/HiRTOS/sample_apps/uart_boot_loader/src/uart_boot_loader.adb:35:4\n64 bytes (static)\n0 dynamic objects" }
node: { title: "uart_driver__put_char" label: "Put_Char\n/Users/jgrivera/my-projects/HiRTOS/sample_apps/uart_boot_loader/src/uart_driver.ads:20:14" shape : ellipse }
edge: { sourcename: "uart_boot_loader__print_string" targetname: "uart_driver__put_char" label: "/Users/jgrivera/my-projects/HiRTOS/sample_apps/uart_boot_loader/src/uart_boot_loader.adb:38:21" }
edge: { sourcename: "uart_boot_loader__print_string" targetname: "uart_driver__put_char" label: "/Users/jgrivera/my-projects/HiRTOS/sample_apps/uart_boot_loader/src/uart_boot_loader.adb:40:24" }
edge: { sourcename: "uart_boot_loader__print_string" targetname: "__gnat_last_chance_handler" label: "/Users/jgrivera/my-projects/HiRTOS/sample_apps/uart_boot_loader/src/uart_boot_loader.adb:44:10" }
edge: { sourcename: "uart_boot_loader__print_string" targetname: "uart_driver__put_char" label: "/Users/jgrivera/my-projects/HiRTOS/sample_apps/uart_boot_loader/src/uart_boot_loader.adb:45:21" }
edge: { sourcename: "uart_boot_loader__print_string" targetname: "uart_driver__put_char" label: "/Users/jgrivera/my-projects/HiRTOS/sample_apps/uart_boot_loader/src/uart_boot_loader.adb:46:21" }
node: { title: "uart_boot_loader__load_image_over_uart" label: "Load_Image_Over_Uart\n/Users/jgrivera/my-projects/HiRTOS/sample_apps/uart_boot_loader/src/uart_boot_loader.adb:16:4\n32 bytes (static)\n0 dynamic objects" }
edge: { sourcename: "uart_boot_loader__load_image_over_uart" targetname: "uart_boot_loader__print_string" label: "/Users/jgrivera/my-projects/HiRTOS/sample_apps/uart_boot_loader/src/uart_boot_loader.adb:18:7" }
node: { title: "uart_boot_loader__xmodem_protocol__receive_file" label: "Receive_File\n/Users/jgrivera/my-projects/HiRTOS/sample_apps/uart_boot_loader/src/uart_boot_loader-xmodem_protocol.ads:4:14" shape : ellipse }
edge: { sourcename: "uart_boot_loader__load_image_over_uart" targetname: "uart_boot_loader__xmodem_protocol__receive_file" label: "/Users/jgrivera/my-projects/HiRTOS/sample_apps/uart_boot_loader/src/uart_boot_loader.adb:23:22" }
node: { title: "uart_boot_loader__print_number_decimal" label: "Print_Number_Decimal\n/Users/jgrivera/my-projects/HiRTOS/sample_apps/uart_boot_loader/src/uart_boot_loader.adb:50:4\n64 bytes (static)\n0 dynamic objects" }
edge: { sourcename: "uart_boot_loader__print_number_decimal" targetname: "/Users/jgrivera/my-projects/HiRTOS/sample_apps/uart_boot_loader/src/uart_boot_loader.adb:uart_boot_loader__print_number_decimal__unsigned_to_decimal_string.0" label: "/Users/jgrivera/my-projects/HiRTOS/sample_apps/uart_boot_loader/src/uart_boot_loader.adb:94:7" }
edge: { sourcename: "uart_boot_loader__print_number_decimal" targetname: "__gnat_last_chance_handler" label: "/Users/jgrivera/my-projects/HiRTOS/sample_apps/uart_boot_loader/src/uart_boot_loader.adb:95:28" }
edge: { sourcename: "uart_boot_loader__print_number_decimal" targetname: "__gnat_last_chance_handler" label: "/Users/jgrivera/my-projects/HiRTOS/sample_apps/uart_boot_loader/src/uart_boot_loader.adb:95:41" }
edge: { sourcename: "uart_boot_loader__print_number_decimal" targetname: "uart_boot_loader__print_string" label: "/Users/jgrivera/my-projects/HiRTOS/sample_apps/uart_boot_loader/src/uart_boot_loader.adb:95:7" }
node: { title: "uart_boot_loader__receive_byte_with_timeout" label: "Receive_Byte_With_Timeout\n/Users/jgrivera/my-projects/HiRTOS/sample_apps/uart_boot_loader/src/uart_boot_loader.adb:98:4\n32 bytes (static)\n0 dynamic objects" }
edge: { sourcename: "uart_boot_loader__receive_byte_with_timeout" targetname: "__gnat_last_chance_handler" label: "/Users/jgrivera/my-projects/HiRTOS/sample_apps/uart_boot_loader/src/uart_boot_loader.ads:40:20" }
node: { title: "uart_driver__receive_byte_if_any" label: "Receive_Byte_If_Any\n/Users/jgrivera/my-projects/HiRTOS/sample_apps/uart_boot_loader/src/uart_driver.ads:33:13" shape : ellipse }
edge: { sourcename: "uart_boot_loader__receive_byte_with_timeout" targetname: "uart_driver__receive_byte_if_any" label: "/Users/jgrivera/my-projects/HiRTOS/sample_apps/uart_boot_loader/src/uart_boot_loader.adb:105:35" }
edge: { sourcename: "uart_boot_loader__receive_byte_with_timeout" targetname: "__gnat_last_chance_handler" label: "/Users/jgrivera/my-projects/HiRTOS/sample_apps/uart_boot_loader/src/uart_boot_loader.adb:106:30" }
edge: { sourcename: "uart_boot_loader__receive_byte_with_timeout" targetname: "__gnat_last_chance_handler" label: "/Users/jgrivera/my-projects/HiRTOS/sample_apps/uart_boot_loader/src/uart_boot_loader.ads:40:20" }
node: { title: "__gnat_last_chance_handler" label: "Last_Chance_Handler\n/Users/jgrivera/my-projects/HiRTOS/sample_apps/uart_boot_loader/src/uart_boot_loader.adb:113:4\n80 bytes (dynamic)\n3 dynamic objects\n S60b /Users/jgrivera/my-projects/HiRTOS/sample_apps/uart_boot_loader/src/uart_boot_loader.adb:128:40\n S82b /Users/jgrivera/my-projects/HiRTOS/sample_apps/uart_boot_loader/src/uart_boot_loader.adb:142:72\n S104b /Users/jgrivera/my-projects/HiRTOS/sample_apps/uart_boot_loader/src/uart_boot_loader.adb:148:67" }
edge: { sourcename: "__gnat_last_chance_handler" targetname: "__gnat_last_chance_handler" label: "/Users/jgrivera/my-projects/HiRTOS/sample_apps/uart_boot_loader/src/uart_boot_loader.adb:121:24" }
edge: { sourcename: "__gnat_last_chance_handler" targetname: "__gnat_last_chance_handler" label: "/Users/jgrivera/my-projects/HiRTOS/sample_apps/uart_boot_loader/src/uart_boot_loader.adb:121:35" }
edge: { sourcename: "__gnat_last_chance_handler" targetname: "__gnat_last_chance_handler" label: "/Users/jgrivera/my-projects/HiRTOS/sample_apps/uart_boot_loader/src/uart_boot_loader.adb:125:10" }
edge: { sourcename: "__gnat_last_chance_handler" targetname: "__gnat_last_chance_handler" label: "/Users/jgrivera/my-projects/HiRTOS/sample_apps/uart_boot_loader/src/uart_boot_loader.adb:128:25" }
edge: { sourcename: "__gnat_last_chance_handler" targetname: "memcpy" }
edge: { sourcename: "__gnat_last_chance_handler" targetname: "uart_boot_loader__print_string" label: "/Users/jgrivera/my-projects/HiRTOS/sample_apps/uart_boot_loader/src/uart_boot_loader.adb:126:10" }
edge: { sourcename: "__gnat_last_chance_handler" targetname: "__gnat_last_chance_handler" label: "/Users/jgrivera/my-projects/HiRTOS/sample_apps/uart_boot_loader/src/uart_boot_loader.adb:129:10" }
edge: { sourcename: "__gnat_last_chance_handler" targetname: "uart_boot_loader__print_number_decimal" label: "/Users/jgrivera/my-projects/HiRTOS/sample_apps/uart_boot_loader/src/uart_boot_loader.adb:129:10" }
edge: { sourcename: "__gnat_last_chance_handler" targetname: "__gnat_last_chance_handler" label: "/Users/jgrivera/my-projects/HiRTOS/sample_apps/uart_boot_loader/src/uart_boot_loader.adb:142:57" }
edge: { sourcename: "__gnat_last_chance_handler" targetname: "memcpy" }
edge: { sourcename: "__gnat_last_chance_handler" targetname: "uart_boot_loader__print_string" label: "/Users/jgrivera/my-projects/HiRTOS/sample_apps/uart_boot_loader/src/uart_boot_loader.adb:141:10" }
edge: { sourcename: "__gnat_last_chance_handler" targetname: "__gnat_last_chance_handler" label: "/Users/jgrivera/my-projects/HiRTOS/sample_apps/uart_boot_loader/src/uart_boot_loader.adb:144:10" }
edge: { sourcename: "__gnat_last_chance_handler" targetname: "uart_boot_loader__print_number_decimal" label: "/Users/jgrivera/my-projects/HiRTOS/sample_apps/uart_boot_loader/src/uart_boot_loader.adb:144:10" }
edge: { sourcename: "__gnat_last_chance_handler" targetname: "__gnat_last_chance_handler" label: "/Users/jgrivera/my-projects/HiRTOS/sample_apps/uart_boot_loader/src/uart_boot_loader.adb:148:46" }
edge: { sourcename: "__gnat_last_chance_handler" targetname: "memcpy" }
edge: { sourcename: "__gnat_last_chance_handler" targetname: "uart_boot_loader__print_string" label: "/Users/jgrivera/my-projects/HiRTOS/sample_apps/uart_boot_loader/src/uart_boot_loader.adb:146:10" }
}
